GAS LISTING C:\Users\RAGHAV~1\AppData\Local\Temp/ccVMaNqk.s 			page 1


   1               		.file	"gsm.c"
   2               	__SREG__ = 0x3f
   3               	__SP_H__ = 0x3e
   4               	__SP_L__ = 0x3d
   5               	__CCP__  = 0x34
   6               	__tmp_reg__ = 0
   7               	__zero_reg__ = 1
   8               		.text
   9               	.global	GsmInit
  10               		.type	GsmInit, @function
  11               	GsmInit:
  12               	/* prologue: function */
  13               	/* frame size = 0 */
  14 0000 80E0      		ldi r24,lo8(0)
  15 0002 90E0      		ldi r25,hi8(0)
  16 0004 0E94 0000 		call OSMboxCreate
  17 0008 9093 0000 		sts (GsmMessageBox)+1,r25
  18 000c 8093 0000 		sts GsmMessageBox,r24
  19 0010 81E0      		ldi r24,lo8(1)
  20 0012 90E0      		ldi r25,hi8(1)
  21 0014 0E94 0000 		call OSSemCreate
  22 0018 9093 0000 		sts (GsmCmdSem)+1,r25
  23 001c 8093 0000 		sts GsmCmdSem,r24
  24 0020 80E0      		ldi r24,lo8(0)
  25 0022 90E0      		ldi r25,hi8(0)
  26 0024 0E94 0000 		call OSSemCreate
  27 0028 9093 0000 		sts (GsmTmoutSem)+1,r25
  28 002c 8093 0000 		sts GsmTmoutSem,r24
  29 0030 80E0      		ldi r24,lo8(0)
  30 0032 90E0      		ldi r25,hi8(0)
  31 0034 0E94 0000 		call OSSemCreate
  32 0038 9093 0000 		sts (GsmRespVerifyTask)+1,r25
  33 003c 8093 0000 		sts GsmRespVerifyTask,r24
  34 0040 80E0      		ldi r24,lo8(gs(TaskGsmTimeout))
  35 0042 90E0      		ldi r25,hi8(gs(TaskGsmTimeout))
  36 0044 60E0      		ldi r22,lo8(0)
  37 0046 70E0      		ldi r23,hi8(0)
  38 0048 40E0      		ldi r20,lo8(TaskGsmTmoutStk+127)
  39 004a 50E0      		ldi r21,hi8(TaskGsmTmoutStk+127)
  40 004c 21E0      		ldi r18,lo8(1)
  41 004e 0E94 0000 		call OSTaskCreate
  42 0052 80E0      		ldi r24,lo8(gs(TaskGsmVerifyResponse))
  43 0054 90E0      		ldi r25,hi8(gs(TaskGsmVerifyResponse))
  44 0056 60E0      		ldi r22,lo8(0)
  45 0058 70E0      		ldi r23,hi8(0)
  46 005a 40E0      		ldi r20,lo8(TaskGsmTmoutStk+255)
  47 005c 50E0      		ldi r21,hi8(TaskGsmTmoutStk+255)
  48 005e 22E0      		ldi r18,lo8(2)
  49 0060 0E94 0000 		call OSTaskCreate
  50               	/* epilogue start */
  51 0064 0895      		ret
  52               		.size	GsmInit, .-GsmInit
  53               		.type	GsmRxIsrCallback, @function
  54               	GsmRxIsrCallback:
  55               	/* prologue: function */
  56               	/* frame size = 0 */
  57 0066 4130      		cpi r20,lo8(1)
GAS LISTING C:\Users\RAGHAV~1\AppData\Local\Temp/ccVMaNqk.s 			page 2


  58 0068 01F0      		breq .L5
  59 006a 8091 0000 		lds r24,GsmTmoutSem
  60 006e 9091 0000 		lds r25,(GsmTmoutSem)+1
  61 0072 0E94 0000 		call OSSemPost
  62               	.L5:
  63 0076 0895      		ret
  64               		.size	GsmRxIsrCallback, .-GsmRxIsrCallback
  65               		.type	TaskGsmVerifyResponse, @function
  66               	TaskGsmVerifyResponse:
  67 0078 EF92      		push r14
  68 007a FF92      		push r15
  69 007c 0F93      		push r16
  70 007e 1F93      		push r17
  71 0080 DF93      		push r29
  72 0082 CF93      		push r28
  73 0084 00D0      		rcall .
  74 0086 CDB7      		in r28,__SP_L__
  75 0088 DEB7      		in r29,__SP_H__
  76               	/* prologue: function */
  77               	/* frame size = 2 */
  78 008a 8E01      		movw r16,r28
  79 008c 0F5F      		subi r16,lo8(-(1))
  80 008e 1F4F      		sbci r17,hi8(-(1))
  81 0090 82E0      		ldi r24,lo8(2)
  82 0092 E82E      		mov r14,r24
  83 0094 F12C      		mov r15,__zero_reg__
  84 0096 EC0E      		add r14,r28
  85 0098 FD1E      		adc r15,r29
  86               	.L11:
  87 009a 8091 0000 		lds r24,GsmRespVerifyTask
  88 009e 9091 0000 		lds r25,(GsmRespVerifyTask)+1
  89 00a2 60E0      		ldi r22,lo8(0)
  90 00a4 70E0      		ldi r23,hi8(0)
  91 00a6 A801      		movw r20,r16
  92 00a8 0E94 0000 		call OSSemPend
  93 00ac E091 0000 		lds r30,GsmAtCmdDetails
  94 00b0 F091 0000 		lds r31,(GsmAtCmdDetails)+1
  95 00b4 8481      		ldd r24,Z+4
  96 00b6 8130      		cpi r24,lo8(1)
  97 00b8 01F4      		brne .L11
  98 00ba 1A82      		std Y+2,__zero_reg__
  99 00bc 8091 0000 		lds r24,GsmCmdSem
 100 00c0 9091 0000 		lds r25,(GsmCmdSem)+1
 101 00c4 0E94 0000 		call OSSemPost
 102 00c8 8091 0000 		lds r24,GsmMessageBox
 103 00cc 9091 0000 		lds r25,(GsmMessageBox)+1
 104 00d0 B701      		movw r22,r14
 105 00d2 0E94 0000 		call OSMboxPost
 106 00d6 00C0      		rjmp .L11
 107               		.size	TaskGsmVerifyResponse, .-TaskGsmVerifyResponse
 108               		.type	TaskGsmTimeout, @function
 109               	TaskGsmTimeout:
 110 00d8 BF92      		push r11
 111 00da CF92      		push r12
 112 00dc DF92      		push r13
 113 00de EF92      		push r14
 114 00e0 FF92      		push r15
GAS LISTING C:\Users\RAGHAV~1\AppData\Local\Temp/ccVMaNqk.s 			page 3


 115 00e2 0F93      		push r16
 116 00e4 1F93      		push r17
 117 00e6 DF93      		push r29
 118 00e8 CF93      		push r28
 119 00ea 00D0      		rcall .
 120 00ec CDB7      		in r28,__SP_L__
 121 00ee DEB7      		in r29,__SP_H__
 122               	/* prologue: function */
 123               	/* frame size = 2 */
 124 00f0 8E01      		movw r16,r28
 125 00f2 0F5F      		subi r16,lo8(-(1))
 126 00f4 1F4F      		sbci r17,hi8(-(1))
 127 00f6 22E0      		ldi r18,lo8(2)
 128 00f8 C22E      		mov r12,r18
 129 00fa D12C      		mov r13,__zero_reg__
 130 00fc CC0E      		add r12,r28
 131 00fe DD1E      		adc r13,r29
 132 0100 9DE3      		ldi r25,lo8(61)
 133 0102 E92E      		mov r14,r25
 134 0104 F12C      		mov r15,__zero_reg__
 135 0106 BB24      		clr r11
 136 0108 B394      		inc r11
 137               	.L18:
 138 010a 8091 0000 		lds r24,GsmTmoutSem
 139 010e 9091 0000 		lds r25,(GsmTmoutSem)+1
 140 0112 60E0      		ldi r22,lo8(0)
 141 0114 70E0      		ldi r23,hi8(0)
 142 0116 A801      		movw r20,r16
 143 0118 0E94 0000 		call OSSemPend
 144 011c E091 0000 		lds r30,GsmAtCmdDetails
 145 0120 F091 0000 		lds r31,(GsmAtCmdDetails)+1
 146 0124 8281      		ldd r24,Z+2
 147 0126 9381      		ldd r25,Z+3
 148 0128 8E9D      		mul r24,r14
 149 012a B001      		movw r22,r0
 150 012c 8F9D      		mul r24,r15
 151 012e 700D      		add r23,r0
 152 0130 9E9D      		mul r25,r14
 153 0132 700D      		add r23,r0
 154 0134 1124      		clr r1
 155 0136 8091 0000 		lds r24,GsmTmoutSem
 156 013a 9091 0000 		lds r25,(GsmTmoutSem)+1
 157 013e A801      		movw r20,r16
 158 0140 0E94 0000 		call OSSemPend
 159 0144 8981      		ldd r24,Y+1
 160 0146 8A30      		cpi r24,lo8(10)
 161 0148 01F0      		breq .L19
 162               	.L16:
 163 014a 8091 0000 		lds r24,GsmTmoutSem
 164 014e 9091 0000 		lds r25,(GsmTmoutSem)+1
 165 0152 6EE1      		ldi r22,lo8(30)
 166 0154 70E0      		ldi r23,hi8(30)
 167 0156 A801      		movw r20,r16
 168 0158 0E94 0000 		call OSSemPend
 169 015c 8981      		ldd r24,Y+1
 170 015e 8A30      		cpi r24,lo8(10)
 171 0160 01F4      		brne .L16
GAS LISTING C:\Users\RAGHAV~1\AppData\Local\Temp/ccVMaNqk.s 			page 4


 172 0162 0E94 0000 		call UartRxDisable
 173 0166 8091 0000 		lds r24,GsmRespVerifyTask
 174 016a 9091 0000 		lds r25,(GsmRespVerifyTask)+1
 175 016e 0E94 0000 		call OSSemPost
 176 0172 00C0      		rjmp .L18
 177               	.L19:
 178 0174 0E94 0000 		call UartRxDisable
 179 0178 BA82      		std Y+2,r11
 180 017a 8091 0000 		lds r24,GsmCmdSem
 181 017e 9091 0000 		lds r25,(GsmCmdSem)+1
 182 0182 0E94 0000 		call OSSemPost
 183 0186 8091 0000 		lds r24,GsmMessageBox
 184 018a 9091 0000 		lds r25,(GsmMessageBox)+1
 185 018e B601      		movw r22,r12
 186 0190 0E94 0000 		call OSMboxPost
 187 0194 00C0      		rjmp .L18
 188               		.size	TaskGsmTimeout, .-TaskGsmTimeout
 189               	.global	SendAtCommand
 190               		.type	SendAtCommand, @function
 191               	SendAtCommand:
 192 0196 CF92      		push r12
 193 0198 DF92      		push r13
 194 019a EF92      		push r14
 195 019c FF92      		push r15
 196 019e 0F93      		push r16
 197 01a0 1F93      		push r17
 198 01a2 DF93      		push r29
 199 01a4 CF93      		push r28
 200 01a6 0F92      		push __tmp_reg__
 201 01a8 CDB7      		in r28,__SP_L__
 202 01aa DEB7      		in r29,__SP_H__
 203               	/* prologue: function */
 204               	/* frame size = 1 */
 205 01ac 7C01      		movw r14,r24
 206 01ae 6A01      		movw r12,r20
 207 01b0 6130      		cpi r22,lo8(1)
 208 01b2 01F0      		breq .L27
 209 01b4 8091 0000 		lds r24,GsmCmdSem
 210 01b8 9091 0000 		lds r25,(GsmCmdSem)+1
 211 01bc 0E94 0000 		call OSSemAccept
 212 01c0 892B      		or r24,r25
 213 01c2 01F0      		breq .L26
 214 01c4 8E01      		movw r16,r28
 215 01c6 0F5F      		subi r16,lo8(-(1))
 216 01c8 1F4F      		sbci r17,hi8(-(1))
 217               	.L22:
 218 01ca F092 0000 		sts (GsmAtCmdDetails)+1,r15
 219 01ce E092 0000 		sts GsmAtCmdDetails,r14
 220 01d2 F701      		movw r30,r14
 221 01d4 8081      		ld r24,Z
 222 01d6 9181      		ldd r25,Z+1
 223 01d8 60E0      		ldi r22,lo8(gs(CmdTxFinishedCallBack))
 224 01da 70E0      		ldi r23,hi8(gs(CmdTxFinishedCallBack))
 225 01dc 40E0      		ldi r20,lo8(0)
 226 01de 50E0      		ldi r21,hi8(0)
 227 01e0 21E0      		ldi r18,lo8(1)
 228 01e2 0E94 0000 		call UartSendData
GAS LISTING C:\Users\RAGHAV~1\AppData\Local\Temp/ccVMaNqk.s 			page 5


 229 01e6 8091 0000 		lds r24,GsmMessageBox
 230 01ea 9091 0000 		lds r25,(GsmMessageBox)+1
 231 01ee 60E0      		ldi r22,lo8(0)
 232 01f0 70E0      		ldi r23,hi8(0)
 233 01f2 A801      		movw r20,r16
 234 01f4 0E94 0000 		call OSMboxPend
 235 01f8 FC01      		movw r30,r24
 236 01fa 8081      		ld r24,Z
 237 01fc F601      		movw r30,r12
 238 01fe 8083      		st Z,r24
 239 0200 81E0      		ldi r24,lo8(1)
 240               	.L23:
 241               	/* epilogue start */
 242 0202 0F90      		pop __tmp_reg__
 243 0204 CF91      		pop r28
 244 0206 DF91      		pop r29
 245 0208 1F91      		pop r17
 246 020a 0F91      		pop r16
 247 020c FF90      		pop r15
 248 020e EF90      		pop r14
 249 0210 DF90      		pop r13
 250 0212 CF90      		pop r12
 251 0214 0895      		ret
 252               	.L26:
 253 0216 80E0      		ldi r24,lo8(0)
 254 0218 00C0      		rjmp .L23
 255               	.L27:
 256 021a 8091 0000 		lds r24,GsmCmdSem
 257 021e 9091 0000 		lds r25,(GsmCmdSem)+1
 258 0222 60E0      		ldi r22,lo8(0)
 259 0224 70E0      		ldi r23,hi8(0)
 260 0226 8E01      		movw r16,r28
 261 0228 0F5F      		subi r16,lo8(-(1))
 262 022a 1F4F      		sbci r17,hi8(-(1))
 263 022c A801      		movw r20,r16
 264 022e 0E94 0000 		call OSSemPend
 265 0232 00C0      		rjmp .L22
 266               		.size	SendAtCommand, .-SendAtCommand
 267               		.type	CmdTxFinishedCallBack, @function
 268               	CmdTxFinishedCallBack:
 269               	/* prologue: function */
 270               	/* frame size = 0 */
 271 0234 80E0      		ldi r24,lo8(GsmAtCmdBuffer)
 272 0236 90E0      		ldi r25,hi8(GsmAtCmdBuffer)
 273 0238 6AE0      		ldi r22,lo8(10)
 274 023a 40E0      		ldi r20,lo8(gs(GsmRxIsrCallback))
 275 023c 50E0      		ldi r21,hi8(gs(GsmRxIsrCallback))
 276 023e 20E0      		ldi r18,lo8(0)
 277 0240 30E0      		ldi r19,hi8(0)
 278 0242 0E94 0000 		call UartRxEnable
 279 0246 8091 0000 		lds r24,GsmTmoutSem
 280 024a 9091 0000 		lds r25,(GsmTmoutSem)+1
 281 024e 0E94 0000 		call OSSemPost
 282               	/* epilogue start */
 283 0252 0895      		ret
 284               		.size	CmdTxFinishedCallBack, .-CmdTxFinishedCallBack
 285               		.lcomm TaskGsmTmoutStk,256
GAS LISTING C:\Users\RAGHAV~1\AppData\Local\Temp/ccVMaNqk.s 			page 6


 286               		.lcomm GsmMessageBox,2
 287               		.lcomm GsmTmoutSem,2
 288               		.lcomm GsmRespVerifyTask,2
 289               		.lcomm GsmCmdSem,2
 290               		.lcomm GsmAtCmdDetails,2
 291               		.lcomm GsmAtCmdBuffer,10
 292               	.global __do_clear_bss
GAS LISTING C:\Users\RAGHAV~1\AppData\Local\Temp/ccVMaNqk.s 			page 7


DEFINED SYMBOLS
                            *ABS*:00000000 gsm.c
C:\Users\RAGHAV~1\AppData\Local\Temp/ccVMaNqk.s:2      *ABS*:0000003f __SREG__
C:\Users\RAGHAV~1\AppData\Local\Temp/ccVMaNqk.s:3      *ABS*:0000003e __SP_H__
C:\Users\RAGHAV~1\AppData\Local\Temp/ccVMaNqk.s:4      *ABS*:0000003d __SP_L__
C:\Users\RAGHAV~1\AppData\Local\Temp/ccVMaNqk.s:5      *ABS*:00000034 __CCP__
C:\Users\RAGHAV~1\AppData\Local\Temp/ccVMaNqk.s:6      *ABS*:00000000 __tmp_reg__
C:\Users\RAGHAV~1\AppData\Local\Temp/ccVMaNqk.s:7      *ABS*:00000001 __zero_reg__
C:\Users\RAGHAV~1\AppData\Local\Temp/ccVMaNqk.s:11     .text:00000000 GsmInit
C:\Users\RAGHAV~1\AppData\Local\Temp/ccVMaNqk.s:285    .bss:00000100 GsmMessageBox
C:\Users\RAGHAV~1\AppData\Local\Temp/ccVMaNqk.s:288    .bss:00000106 GsmCmdSem
C:\Users\RAGHAV~1\AppData\Local\Temp/ccVMaNqk.s:286    .bss:00000102 GsmTmoutSem
C:\Users\RAGHAV~1\AppData\Local\Temp/ccVMaNqk.s:287    .bss:00000104 GsmRespVerifyTask
C:\Users\RAGHAV~1\AppData\Local\Temp/ccVMaNqk.s:109    .text:000000d8 TaskGsmTimeout
                             .bss:00000000 TaskGsmTmoutStk
C:\Users\RAGHAV~1\AppData\Local\Temp/ccVMaNqk.s:66     .text:00000078 TaskGsmVerifyResponse
C:\Users\RAGHAV~1\AppData\Local\Temp/ccVMaNqk.s:54     .text:00000066 GsmRxIsrCallback
C:\Users\RAGHAV~1\AppData\Local\Temp/ccVMaNqk.s:289    .bss:00000108 GsmAtCmdDetails
C:\Users\RAGHAV~1\AppData\Local\Temp/ccVMaNqk.s:191    .text:00000196 SendAtCommand
C:\Users\RAGHAV~1\AppData\Local\Temp/ccVMaNqk.s:268    .text:00000234 CmdTxFinishedCallBack
C:\Users\RAGHAV~1\AppData\Local\Temp/ccVMaNqk.s:290    .bss:0000010a GsmAtCmdBuffer

UNDEFINED SYMBOLS
OSMboxCreate
OSSemCreate
OSTaskCreate
OSSemPost
OSSemPend
OSMboxPost
UartRxDisable
OSSemAccept
UartSendData
OSMboxPend
UartRxEnable
__do_clear_bss
